41.901: [GC
Desired survivor size 2147483648 bytes, new threshold 7 (max 15)
 [PSYoungGen: 16777216K->128327K(18874368K)] 16777216K->128327K(39845888K), 0.1245200 secs] [Times: user=0.79 sys=0.08, real=0.12 secs] 
--
68.136: [GC
Desired survivor size 2147483648 bytes, new threshold 7 (max 15)
 [PSYoungGen: 16905543K->142774K(18874368K)] 16905543K->142774K(39845888K), 0.1031290 secs] [Times: user=0.70 sys=0.11, real=0.10 secs] 
--
316.726: [GC
Desired survivor size 2147483648 bytes, new threshold 7 (max 15)
 [PSYoungGen: 16919990K->168494K(18874368K)] 16919990K->168494K(39845888K), 0.1069160 secs] [Times: user=0.79 sys=0.03, real=0.11 secs] 
--
534.316: [GC
Desired survivor size 2147483648 bytes, new threshold 7 (max 15)
 [PSYoungGen: 16945710K->186065K(18874368K)] 16945710K->186065K(39845888K), 0.1137550 secs] [Times: user=0.85 sys=0.03, real=0.11 secs] 
--
830.014: [GC
Desired survivor size 220266496 bytes, new threshold 6 (max 15)
 [PSYoungGen: 16963281K->190749K(18874368K)] 16963281K->190749K(39845888K), 0.1086430 secs] [Times: user=0.80 sys=0.03, real=0.11 secs] 
--
1100.199: [GC
Desired survivor size 236322816 bytes, new threshold 5 (max 15)
 [PSYoungGen: 16967965K->205854K(20725056K)] 16967965K->205854K(41696576K), 0.1618000 secs] [Times: user=1.03 sys=0.18, real=0.17 secs] 
--
1459.925: [GC
Desired survivor size 246415360 bytes, new threshold 4 (max 15)
 [PSYoungGen: 20715806K->87216K(20597184K)] 20715806K->228049K(41568704K), 0.1719190 secs] [Times: user=1.14 sys=0.21, real=0.17 secs] 
--
1752.670: [GC
Desired survivor size 259653632 bytes, new threshold 3 (max 15)
 [PSYoungGen: 20597168K->42651K(20705024K)] 20738001K->219745K(41676544K), 0.0755310 secs] [Times: user=0.53 sys=0.05, real=0.07 secs] 
--
2029.476: [GC
Desired survivor size 266862592 bytes, new threshold 2 (max 15)
 [PSYoungGen: 20507035K->40893K(20505280K)] 20684129K->239736K(41476800K), 0.0730460 secs] [Times: user=0.55 sys=0.01, real=0.07 secs] 
--
2249.363: [GC
Desired survivor size 264699904 bytes, new threshold 1 (max 15)
 [PSYoungGen: 20505277K->70457K(20713024K)] 20704120K->287455K(41684544K), 0.0840380 secs] [Times: user=0.61 sys=0.03, real=0.09 secs] 
--
2464.983: [GC
Desired survivor size 266076160 bytes, new threshold 1 (max 15)
 [PSYoungGen: 20522873K->41546K(20710912K)] 20739871K->328349K(41682432K), 0.0929540 secs] [Times: user=0.68 sys=0.05, real=0.09 secs] 
--
2584.365: [GC
Desired survivor size 269025280 bytes, new threshold 1 (max 15)
 [PSYoungGen: 20493962K->18174K(20705920K)] 20780765K->345597K(41677440K), 0.0575660 secs] [Times: user=0.41 sys=0.04, real=0.06 secs] 
--
2751.376: [GC
Desired survivor size 269746176 bytes, new threshold 1 (max 15)
 [PSYoungGen: 20464254K->13684K(20459776K)] 20791677K->351524K(41431296K), 0.0513900 secs] [Times: user=0.34 sys=0.01, real=0.05 secs] 
--
3033.107: [GC
Desired survivor size 268238848 bytes, new threshold 1 (max 15)
 [PSYoungGen: 20459764K->10435K(20709568K)] 20797604K->359132K(41681088K), 0.0669620 secs] [Times: user=0.46 sys=0.01, real=0.06 secs] 
--
3155.318: [GC
Desired survivor size 260505600 bytes, new threshold 1 (max 15)
 [PSYoungGen: 20456579K->33267K(20708096K)] 20805276K->391304K(41679616K), 0.0541830 secs] [Times: user=0.40 sys=0.01, real=0.05 secs] 
--
3443.852: [GC
Desired survivor size 251854848 bytes, new threshold 1 (max 15)
 [PSYoungGen: 20479411K->34097K(20725568K)] 20837448K->402286K(41697088K), 0.0686620 secs] [Times: user=0.49 sys=0.01, real=0.07 secs] 
--
3787.722: [GC
Desired survivor size 244842496 bytes, new threshold 1 (max 15)
 [PSYoungGen: 20505265K->21874K(20717120K)] 20873454K->409010K(41688640K), 0.0734910 secs] [Times: user=0.53 sys=0.02, real=0.07 secs] 
--
3877.450: [GC
Desired survivor size 234094592 bytes, new threshold 1 (max 15)
 [PSYoungGen: 20493042K->37622K(20742912K)] 20880178K->445904K(41714432K), 0.0749690 secs] [Times: user=0.56 sys=0.02, real=0.08 secs] 
--
3976.687: [GC
Desired survivor size 223739904 bytes, new threshold 1 (max 15)
 [PSYoungGen: 20541430K->36406K(20732416K)] 20949712K->479364K(41703936K), 0.0705230 secs] [Times: user=0.50 sys=0.04, real=0.08 secs] 
--
4281.337: [GC
Desired survivor size 214499328 bytes, new threshold 1 (max 15)
 [PSYoungGen: 20540214K->30246K(20762048K)] 20983172K->504335K(41733568K), 0.1024180 secs] [Times: user=0.73 sys=0.02, real=0.10 secs] 
--
4400.526: [GC
Desired survivor size 204472320 bytes, new threshold 1 (max 15)
 [PSYoungGen: 20573798K->34634K(20753024K)] 21047887K->535388K(41724544K), 0.1097250 secs] [Times: user=0.80 sys=0.03, real=0.11 secs] 
--
4498.584: [GC
Desired survivor size 197001216 bytes, new threshold 1 (max 15)
 [PSYoungGen: 20578186K->20967K(20779136K)] 21078940K->552519K(41750656K), 0.0918430 secs] [Times: user=0.66 sys=0.03, real=0.09 secs] 
--
4799.107: [GC
Desired survivor size 184418304 bytes, new threshold 1 (max 15)
 [PSYoungGen: 20600423K->59811K(20771840K)] 21131975K->609755K(41743360K), 0.1042660 secs] [Times: user=0.73 sys=0.06, real=0.10 secs] 
--
5155.643: [GC
Desired survivor size 177537024 bytes, new threshold 1 (max 15)
 [PSYoungGen: 20639267K->23327K(20798144K)] 21189211K->631991K(41769664K), 0.1077970 secs] [Times: user=0.76 sys=0.06, real=0.11 secs] 
--
5251.922: [GC
Desired survivor size 171311104 bytes, new threshold 1 (max 15)
 [PSYoungGen: 20641375K->18432K(20791424K)] 21250039K->649693K(41762944K), 0.1206250 secs] [Times: user=0.84 sys=0.02, real=0.12 secs] 
--
5515.055: [GC
Desired survivor size 163577856 bytes, new threshold 1 (max 15)
 [PSYoungGen: 20636480K->25024K(20811776K)] 21267741K->670943K(41783296K), 0.1067620 secs] [Times: user=0.79 sys=0.01, real=0.11 secs] 
--
5644.000: [GC
Desired survivor size 153026560 bytes, new threshold 1 (max 15)
 [PSYoungGen: 20669504K->49852K(20804224K)] 21315423K->713934K(41775744K), 0.1154460 secs] [Times: user=0.80 sys=0.06, real=0.12 secs] 
--
5890.169: [GC
Desired survivor size 146997248 bytes, new threshold 1 (max 15)
 [PSYoungGen: 20694332K->22424K(20827968K)] 21358414K->702649K(41799488K), 0.1542180 secs] [Times: user=1.09 sys=0.02, real=0.15 secs] 
--
6344.115: [GC
Desired survivor size 139919360 bytes, new threshold 1 (max 15)
 [PSYoungGen: 20700952K->27680K(20822080K)] 21381177K->731016K(41793600K), 0.1431910 secs] [Times: user=1.00 sys=0.03, real=0.15 secs] 
--
6473.995: [GC
Desired survivor size 135069696 bytes, new threshold 1 (max 15)
 [PSYoungGen: 20706208K->16367K(20839616K)] 21409544K->745766K(41811136K), 0.1367850 secs] [Times: user=0.95 sys=0.04, real=0.14 secs] 
--
6647.794: [GC
Desired survivor size 130351104 bytes, new threshold 1 (max 15)
 [PSYoungGen: 20719343K->14224K(20834880K)] 21448742K->755070K(41806400K), 0.1204850 secs] [Times: user=0.85 sys=0.03, real=0.12 secs] 
--
6963.862: [GC
Desired survivor size 139788288 bytes, new threshold 1 (max 15)
 [PSYoungGen: 20717200K->87067K(20825792K)] 21458046K->836157K(41797312K), 0.1716310 secs] [Times: user=1.26 sys=0.01, real=0.17 secs] 
--
7182.718: [GC
Desired survivor size 133103616 bytes, new threshold 1 (max 15)
 [PSYoungGen: 20785563K->50626K(20835008K)] 21534653K->827747K(41806528K), 0.1319040 secs] [Times: user=0.95 sys=0.03, real=0.13 secs] 
--
7261.705: [GC
Desired survivor size 125239296 bytes, new threshold 1 (max 15)
 [PSYoungGen: 20749122K->46211K(20849216K)] 21526243K->867910K(41820736K), 0.1679850 secs] [Times: user=1.19 sys=0.04, real=0.17 secs] 
--
7387.254: [GC
Desired survivor size 121896960 bytes, new threshold 1 (max 15)
 [PSYoungGen: 20765443K->17077K(20841536K)] 21587142K->880870K(41813056K), 0.1309760 secs] [Times: user=0.92 sys=0.03, real=0.13 secs] 
--
7512.783: [GC
Desired survivor size 118816768 bytes, new threshold 1 (max 15)
 [PSYoungGen: 20736309K->13112K(20855488K)] 21600102K->892056K(41827008K), 0.1277370 secs] [Times: user=0.90 sys=0.01, real=0.13 secs] 
--
7726.383: [GC
Desired survivor size 114360320 bytes, new threshold 1 (max 15)
 [PSYoungGen: 20749560K->18325K(20852480K)] 21628504K->908264K(41824000K), 0.1361390 secs] [Times: user=0.97 sys=0.03, real=0.14 secs] 
--
7994.442: [GC
Desired survivor size 107413504 bytes, new threshold 1 (max 15)
 [PSYoungGen: 20754773K->38314K(20866624K)] 21644712K->944667K(41838144K), 0.1523880 secs] [Times: user=1.08 sys=0.04, real=0.15 secs] 
--
8308.416: [GC
Desired survivor size 102498304 bytes, new threshold 1 (max 15)
 [PSYoungGen: 20793258K->24760K(20859840K)] 21699611K->944807K(41831360K), 0.1933650 secs] [Times: user=1.37 sys=0.04, real=0.20 secs] 
--
8498.020: [GC
Desired survivor size 96796672 bytes, new threshold 1 (max 15)
 [PSYoungGen: 20779704K->37848K(20876992K)] 21699751K->969541K(41848512K), 0.1500130 secs] [Times: user=1.05 sys=0.02, real=0.15 secs] 
--
8661.477: [GC
Desired survivor size 92012544 bytes, new threshold 1 (max 15)
 [PSYoungGen: 20814744K->38975K(20871424K)] 21746437K->1001531K(41842944K), 0.1387380 secs] [Times: user=0.94 sys=0.04, real=0.14 secs] 
--
9304.707: [GC
Desired survivor size 88080384 bytes, new threshold 1 (max 15)
 [PSYoungGen: 20815871K->26994K(20885504K)] 21778427K->1024246K(41857024K), 0.1643940 secs] [Times: user=1.17 sys=0.02, real=0.16 secs] 
--
10129.860: [GC
Desired survivor size 86441984 bytes, new threshold 1 (max 15)
 [PSYoungGen: 20822642K->14304K(20881664K)] 21819894K->1037062K(41853184K), 0.2034340 secs] [Times: user=1.45 sys=0.03, real=0.21 secs] 
--
11233.667: [GC
Desired survivor size 85196800 bytes, new threshold 1 (max 15)
 [PSYoungGen: 20809952K->10096K(20888320K)] 21832710K->1043102K(41859840K), 0.1565630 secs] [Times: user=1.12 sys=0.01, real=0.16 secs] 
--
11963.015: [GC
Desired survivor size 80150528 bytes, new threshold 1 (max 15)
 [PSYoungGen: 20814000K->28693K(20887104K)] 21847006K->1070339K(41858624K), 0.1800160 secs] [Times: user=1.28 sys=0.03, real=0.18 secs] 
--
12144.784: [GC
Desired survivor size 79036416 bytes, new threshold 1 (max 15)
 [PSYoungGen: 20832597K->9072K(20894336K)] 21874243K->1063046K(41865856K), 0.2108110 secs] [Times: user=1.49 sys=0.04, real=0.21 secs] 
--
13730.455: [GC
Desired survivor size 74776576 bytes, new threshold 1 (max 15)
 [PSYoungGen: 20825136K->24103K(20893248K)] 21879110K->1083933K(41864768K), 0.2249900 secs] [Times: user=1.61 sys=0.02, real=0.22 secs] 
--
14560.948: [GC
Desired survivor size 73138176 bytes, new threshold 1 (max 15)
 [PSYoungGen: 20840167K->10880K(20900096K)] 21899997K->1083220K(41871616K), 0.1763120 secs] [Times: user=1.25 sys=0.03, real=0.17 secs] 
--
15592.339: [GC
Desired survivor size 70647808 bytes, new threshold 1 (max 15)
 [PSYoungGen: 20837952K->14112K(20898496K)] 21910292K->1095949K(41870016K), 0.1799530 secs] [Times: user=1.28 sys=0.02, real=0.18 secs] 
--
16772.736: [GC
Desired survivor size 68157440 bytes, new threshold 1 (max 15)
 [PSYoungGen: 20841184K->13520K(20904960K)] 21923021K->1106517K(41876480K), 0.1882450 secs] [Times: user=1.37 sys=0.01, real=0.19 secs] 
--
17380.601: [GC
Desired survivor size 65732608 bytes, new threshold 1 (max 15)
 [PSYoungGen: 20849488K->12707K(20902528K)] 21942485K->1117206K(41874048K), 0.1897370 secs] [Times: user=1.34 sys=0.02, real=0.19 secs] 
--
17845.293: [GC
Desired survivor size 63176704 bytes, new threshold 1 (max 15)
 [PSYoungGen: 20848675K->13024K(20909824K)] 21953174K->1126412K(41881344K), 0.2503600 secs] [Times: user=1.77 sys=0.02, real=0.25 secs] 
--
18213.208: [GC
Desired survivor size 59637760 bytes, new threshold 1 (max 15)
 [PSYoungGen: 20858656K->18576K(20907328K)] 21972044K->1141300K(41878848K), 0.2029460 secs] [Times: user=1.46 sys=0.03, real=0.20 secs] 
--
19113.901: [GC
Desired survivor size 57147392 bytes, new threshold 1 (max 15)
 [PSYoungGen: 20864208K->14136K(20915712K)] 21986932K->1151789K(41887232K), 0.2696430 secs] [Times: user=1.92 sys=0.03, real=0.27 secs] 
--
19449.992: [GC
Desired survivor size 55836672 bytes, new threshold 1 (max 15)
 [PSYoungGen: 20871608K->7552K(20913280K)] 22009261K->1157269K(41884800K), 0.2074130 secs] [Times: user=1.46 sys=0.02, real=0.21 secs] 
--
20165.169: [GC
Desired survivor size 53215232 bytes, new threshold 1 (max 15)
 [PSYoungGen: 20865024K->13944K(20919552K)] 22014741K->1170598K(41891072K), 0.2734870 secs] [Times: user=1.95 sys=0.02, real=0.27 secs] 
--
20957.861: [GC
Desired survivor size 50462720 bytes, new threshold 1 (max 15)
 [PSYoungGen: 20878968K->15392K(20916992K)] 22035622K->1183030K(41888512K), 0.2803110 secs] [Times: user=2.00 sys=0.02, real=0.28 secs] 
--
21166.031: [GC
Desired survivor size 49283072 bytes, new threshold 1 (max 15)
 [PSYoungGen: 20880416K->7136K(20923392K)] 22048054K->1184462K(41894912K), 0.2139970 secs] [Times: user=1.49 sys=0.03, real=0.21 secs] 
--
21648.772: [GC
Desired survivor size 47448064 bytes, new threshold 1 (max 15)
 [PSYoungGen: 20881248K->9632K(20922240K)] 22058574K->1193334K(41893760K), 0.2813990 secs] [Times: user=2.00 sys=0.03, real=0.29 secs] 
--
22660.495: [GC
Desired survivor size 44564480 bytes, new threshold 1 (max 15)
 [PSYoungGen: 20883744K->15817K(20928000K)] 22067446K->1207775K(41899520K), 0.2293900 secs] [Times: user=1.64 sys=0.03, real=0.23 secs] 
--
22875.732: [GC
Desired survivor size 42991616 bytes, new threshold 1 (max 15)
 [PSYoungGen: 20897481K->9584K(20925184K)] 22089439K->1213910K(41896704K), 0.2921960 secs] [Times: user=2.04 sys=0.03, real=0.29 secs] 
--
23610.133: [GC
Desired survivor size 40828928 bytes, new threshold 1 (max 15)
 [PSYoungGen: 20891248K->17040K(20931648K)] 22095574K->1228574K(41903168K), 0.3060360 secs] [Times: user=2.17 sys=0.02, real=0.30 secs] 
--
24510.076: [GC
Desired survivor size 38862848 bytes, new threshold 1 (max 15)
 [PSYoungGen: 20906704K->13008K(20929536K)] 22118238K->1239198K(41901056K), 0.2360050 secs] [Times: user=1.65 sys=0.04, real=0.24 secs] 
--
24909.199: [GC
Desired survivor size 37158912 bytes, new threshold 1 (max 15)
 [PSYoungGen: 20902672K->12464K(20935232K)] 22128862K->1247868K(41906752K), 0.3055200 secs] [Times: user=2.16 sys=0.03, real=0.31 secs] 
--
25636.317: [GC
Desired survivor size 35323904 bytes, new threshold 1 (max 15)
 [PSYoungGen: 20909744K->16144K(20933568K)] 22145148K->1256844K(41905088K), 0.3081000 secs] [Times: user=2.19 sys=0.03, real=0.31 secs] 
--
26321.259: [GC
Desired survivor size 49610752 bytes, new threshold 1 (max 15)
 [PSYoungGen: 20913424K->34464K(20909120K)] 22154124K->1299008K(41880640K), 0.3384860 secs] [Times: user=2.40 sys=0.05, real=0.34 secs] 
--
27102.034: [GC
Desired survivor size 75825152 bytes, new threshold 1 (max 15)
 [PSYoungGen: 20909088K->48432K(20923072K)] 22173632K->1361221K(41894592K), 0.3038020 secs] [Times: user=2.14 sys=0.06, real=0.30 secs] 
--
27921.252: [GC
Desired survivor size 102236160 bytes, new threshold 1 (max 15)
 [PSYoungGen: 20923056K->48416K(20820288K)] 22235845K->1422452K(41791808K), 0.4059080 secs] [Times: user=2.86 sys=0.08, real=0.41 secs] 
--
28709.205: [GC
Desired survivor size 105906176 bytes, new threshold 1 (max 15)
 [PSYoungGen: 20820256K->62736K(20834624K)] 22194292K->1484940K(41806144K), 0.3431820 secs] [Times: user=2.45 sys=0.06, real=0.35 secs] 
--
28926.400: [GC
Desired survivor size 104529920 bytes, new threshold 1 (max 15)
 [PSYoungGen: 20834576K->8160K(20869440K)] 22256780K->1487322K(41840960K), 0.3029110 secs] [Times: user=2.13 sys=0.09, real=0.30 secs] 
--
29100.759: [GC
Desired survivor size 101974016 bytes, new threshold 1 (max 15)
 [PSYoungGen: 20774176K->10496K(20868096K)] 22253338K->1494738K(41839616K), 0.3879740 secs] [Times: user=2.72 sys=0.05, real=0.39 secs] 
--
29944.578: [GC
Desired survivor size 97583104 bytes, new threshold 1 (max 15)
 [PSYoungGen: 20776512K->18880K(20876224K)] 22260754K->1509658K(41847744K), 0.2897060 secs] [Times: user=2.05 sys=0.03, real=0.29 secs] 
--
30451.835: [GC
Desired survivor size 95027200 bytes, new threshold 1 (max 15)
 [PSYoungGen: 20795520K->8608K(20871936K)] 22286298K->1504482K(41843456K), 0.2905190 secs] [Times: user=2.05 sys=0.04, real=0.29 secs] 
--
31218.023: [GC
Desired survivor size 92405760 bytes, new threshold 1 (max 15)
 [PSYoungGen: 20785248K->6896K(20881280K)] 22281122K->1508730K(41852800K), 0.3900710 secs] [Times: user=2.75 sys=0.03, real=0.39 secs] 
--
31827.466: [GC
Desired survivor size 89194496 bytes, new threshold 1 (max 15)
 [PSYoungGen: 20795376K->8256K(20878720K)] 22297210K->1516442K(41850240K), 0.2948110 secs] [Times: user=2.06 sys=0.04, real=0.29 secs] 
--
32206.225: [GC
Desired survivor size 85524480 bytes, new threshold 1 (max 15)
 [PSYoungGen: 20796736K->9712K(20888000K)] 22304922K->1523962K(41859520K), 0.3959850 secs] [Times: user=2.78 sys=0.05, real=0.40 secs] 
--
32931.712: [GC
Desired survivor size 87621632 bytes, new threshold 1 (max 15)
 [PSYoungGen: 20810608K->45280K(20884416K)] 22324858K->1564898K(41855936K), 0.3281030 secs] [Times: user=2.34 sys=0.04, real=0.33 secs] 
--
33224.140: [GC
Desired survivor size 93257728 bytes, new threshold 1 (max 15)
 [PSYoungGen: 20846176K->56864K(20874944K)] 22365794K->1619008K(41846464K), 0.3805860 secs] [Times: user=2.72 sys=0.07, real=0.38 secs] 
--
33548.433: [GC
Desired survivor size 92930048 bytes, new threshold 1 (max 15)
 [PSYoungGen: 20846240K->44720K(20880448K)] 22408384K->1662184K(41851968K), 0.3746470 secs] [Times: user=2.64 sys=0.07, real=0.37 secs] 
--
33856.691: [GC
Desired survivor size 92798976 bytes, new threshold 1 (max 15)
 [PSYoungGen: 20834096K->46416K(20880896K)] 22451560K->1707072K(41852416K), 0.4892690 secs] [Times: user=3.45 sys=0.06, real=0.49 secs] 
--
33994.050: [GC
Desired survivor size 87359488 bytes, new threshold 1 (max 15)
 [PSYoungGen: 20836560K->28992K(20880768K)] 22497216K->1734768K(41852288K), 0.3913150 secs] [Times: user=2.77 sys=0.07, real=0.40 secs] 
--
34293.093: [GC
Desired survivor size 87031808 bytes, new threshold 1 (max 15)
 [PSYoungGen: 20819136K->45424K(20886528K)] 22524912K->1775248K(41858048K), 0.5038050 secs] [Times: user=3.57 sys=0.07, real=0.51 secs] 
--
34694.169: [GC
Desired survivor size 89128960 bytes, new threshold 1 (max 15)
 [PSYoungGen: 20846640K->52576K(20853824K)] 22576464K->1823656K(41825344K), 0.4348110 secs] [Times: user=3.09 sys=0.05, real=0.43 secs] 
--
35015.687: [GC
Desired survivor size 90112000 bytes, new threshold 1 (max 15)
 [PSYoungGen: 20853792K->51712K(20882560K)] 22624872K->1873864K(41854080K), 0.5462220 secs] [Times: user=3.89 sys=0.05, real=0.54 secs] 
--
35285.414: [GC
Desired survivor size 85262336 bytes, new threshold 1 (max 15)
 [PSYoungGen: 20847232K->37792K(20883520K)] 22669384K->1906040K(41855040K), 0.4342500 secs] [Times: user=3.09 sys=0.07, real=0.44 secs] 
--
35410.442: [GC
Desired survivor size 83165184 bytes, new threshold 1 (max 15)
 [PSYoungGen: 20833312K->21664K(20890304K)] 22701560K->1925224K(41861824K), 0.5442040 secs] [Times: user=3.88 sys=0.07, real=0.55 secs] 
--
35544.954: [GC
Desired survivor size 80281600 bytes, new threshold 1 (max 15)
 [PSYoungGen: 20828704K->24784K(20888256K)] 22732264K->1948568K(41859776K), 0.5489850 secs] [Times: user=3.91 sys=0.06, real=0.55 secs] 
--
35856.796: [GC
Desired survivor size 80674816 bytes, new threshold 1 (max 15)
 [PSYoungGen: 20831824K->47104K(20892352K)] 22755608K->1994496K(41863872K), 0.4605850 secs] [Times: user=3.28 sys=0.06, real=0.46 secs] 
--
36196.869: [GC
Desired survivor size 80347136 bytes, new threshold 1 (max 15)
 [PSYoungGen: 20861056K->46432K(20892736K)] 22808448K->2037272K(41864256K), 0.4556870 secs] [Times: user=3.04 sys=0.08, real=0.45 secs] 
--
36514.058: [GC
Desired survivor size 79822848 bytes, new threshold 1 (max 15)
 [PSYoungGen: 20860384K->46560K(20893568K)] 22851224K->2081760K(41865088K), 0.6123900 secs] [Times: user=4.32 sys=0.07, real=0.61 secs] 
--
36906.652: [GC
Desired survivor size 80347136 bytes, new threshold 1 (max 15)
 [PSYoungGen: 20861664K->49760K(20893056K)] 22896864K->2130184K(41864576K), 0.5085700 secs] [Times: user=3.62 sys=0.09, real=0.51 secs] 
--
37167.011: [GC
Desired survivor size 77135872 bytes, new threshold 1 (max 15)
 [PSYoungGen: 20864864K->41136K(20896192K)] 22945288K->2169720K(41867712K), 0.6401080 secs] [Times: user=4.58 sys=0.05, real=0.64 secs] 
--
37349.904: [GC
Desired survivor size 75038720 bytes, new threshold 1 (max 15)
 [PSYoungGen: 20858864K->29680K(20893056K)] 22987448K->2198240K(41864576K), 0.5305260 secs] [Times: user=3.77 sys=0.07, real=0.53 secs] 
--
37629.093: [GC
Desired survivor size 72024064 bytes, new threshold 1 (max 15)
 [PSYoungGen: 20847408K->39584K(20901184K)] 23015968K->2235256K(41872704K), 0.5228310 secs] [Times: user=3.73 sys=0.07, real=0.52 secs] 
--
37931.475: [GC
Desired survivor size 70713344 bytes, new threshold 1 (max 15)
 [PSYoungGen: 20867488K->43536K(20898240K)] 23063160K->2276592K(41869760K), 0.5430180 secs] [Times: user=3.85 sys=0.10, real=0.55 secs] 
--
38218.292: [GC
Desired survivor size 71761920 bytes, new threshold 1 (max 15)
 [PSYoungGen: 20871440K->49680K(20900416K)] 23104496K->2324712K(41871936K), 0.6846800 secs] [Times: user=4.90 sys=0.09, real=0.68 secs] 
--
38559.961: [GC
Desired survivor size 97255424 bytes, new threshold 1 (max 15)
 [PSYoungGen: 20881040K->70048K(20901440K)] 23156072K->2390313K(41872960K), 0.6350630 secs] [Times: user=4.57 sys=0.08, real=0.64 secs] 
--
38866.287: [GC
Desired survivor size 92667904 bytes, new threshold 1 (max 15)
 [PSYoungGen: 20901408K->45648K(20860608K)] 23221673K->2419800K(41832128K), 0.5868870 secs] [Times: user=4.16 sys=0.09, real=0.59 secs] 
--
39023.997: [GC
Desired survivor size 92209152 bytes, new threshold 1 (max 15)
 [PSYoungGen: 20836176K->24592K(20881024K)] 23210328K->2440600K(41852544K), 0.5843410 secs] [Times: user=4.17 sys=0.07, real=0.58 secs] 
--
39189.116: [GC
Desired survivor size 91095040 bytes, new threshold 1 (max 15)
 [PSYoungGen: 20815120K->24880K(20882560K)] 23231128K->2464296K(41854080K), 0.7103150 secs] [Times: user=5.06 sys=0.07, real=0.71 secs] 
--
39518.487: [GC
Desired survivor size 92798976 bytes, new threshold 1 (max 15)
 [PSYoungGen: 20817392K->59844K(20852416K)] 23256808K->2522221K(41823936K), 0.6190240 secs] [Times: user=4.40 sys=0.08, real=0.62 secs] 
--
39846.211: [GC
Desired survivor size 88604672 bytes, new threshold 1 (max 15)
 [PSYoungGen: 20852356K->41552K(20884992K)] 23314733K->2551875K(41856512K), 0.7563380 secs] [Times: user=5.41 sys=0.06, real=0.75 secs] 
--
40161.285: [GC
Desired survivor size 85196800 bytes, new threshold 1 (max 15)
 [PSYoungGen: 20835920K->46800K(20880896K)] 23346243K->2597251K(41852416K), 0.7711950 secs] [Times: user=5.44 sys=0.09, real=0.77 secs] 
--
40452.465: [GC
Desired survivor size 81920000 bytes, new threshold 1 (max 15)
 [PSYoungGen: 20841168K->40816K(20891520K)] 23391619K->2636611K(41863040K), 0.6584500 secs] [Times: user=4.67 sys=0.10, real=0.66 secs] 
--
40735.843: [GC
Desired survivor size 79233024 bytes, new threshold 1 (max 15)
 [PSYoungGen: 20849136K->46800K(20888320K)] 23444931K->2681667K(41859840K), 0.7944250 secs] [Times: user=5.70 sys=0.07, real=0.80 secs] 
--
40935.435: [GC
Desired survivor size 76414976 bytes, new threshold 1 (max 15)
 [PSYoungGen: 20855120K->41488K(20896896K)] 23489987K->2717428K(41868416K), 0.7040320 secs] [Times: user=4.98 sys=0.08, real=0.71 secs] 
--
41188.404: [GC
Desired survivor size 74055680 bytes, new threshold 1 (max 15)
 [PSYoungGen: 20861008K->39760K(20894144K)] 23536948K->2742498K(41865664K), 0.6810390 secs] [Times: user=4.87 sys=0.07, real=0.68 secs] 
--
42134.146: [GC
Desired survivor size 74842112 bytes, new threshold 1 (max 15)
 [PSYoungGen: 20859280K->22432K(20897664K)] 23562018K->2763698K(41869184K), 0.8060120 secs] [Times: user=5.73 sys=0.11, real=0.81 secs] 
--
42606.798: [GC
Desired survivor size 76546048 bytes, new threshold 1 (max 15)
 [PSYoungGen: 20847776K->13408K(20838784K)] 23589042K->2774602K(41810304K), 0.7919230 secs] [Times: user=5.59 sys=0.10, real=0.80 secs] 
--
42988.036: [GC
Desired survivor size 78184448 bytes, new threshold 1 (max 15)
 [PSYoungGen: 20838752K->8304K(20893568K)] 23599946K->2776042K(41865088K), 0.7880160 secs] [Times: user=5.57 sys=0.06, real=0.79 secs] 
--
44076.228: [GC
Desired survivor size 78577664 bytes, new threshold 1 (max 15)
 [PSYoungGen: 20827120K->9328K(20828160K)] 23594858K->2783042K(41799680K), 0.7860540 secs] [Times: user=5.48 sys=0.09, real=0.79 secs] 
--
44449.543: [GC
Desired survivor size 77594624 bytes, new threshold 1 (max 15)
 [PSYoungGen: 20828144K->13184K(20895744K)] 23601858K->2792082K(41867264K), 0.7946450 secs] [Times: user=5.58 sys=0.06, real=0.79 secs] 
--
45862.797: [GC
Desired survivor size 77398016 bytes, new threshold 1 (max 15)
 [PSYoungGen: 20832192K->6048K(20894784K)] 23611090K->2790282K(41866304K), 0.6641720 secs] [Times: user=4.68 sys=0.06, real=0.66 secs] 
--
46240.907: [GC
Desired survivor size 75563008 bytes, new threshold 1 (max 15)
 [PSYoungGen: 20825056K->11376K(20897728K)] 23609290K->2801250K(41869248K), 0.7958680 secs] [Times: user=5.62 sys=0.09, real=0.80 secs] 
--
46887.460: [GC
Desired survivor size 74186752 bytes, new threshold 1 (max 15)
 [PSYoungGen: 20833520K->7200K(20895936K)] 23623394K->2803314K(41867456K), 0.7991330 secs] [Times: user=5.66 sys=0.05, real=0.80 secs] 
--
47950.337: [GC
Desired survivor size 69992448 bytes, new threshold 1 (max 15)
 [PSYoungGen: 20829344K->21216K(20903168K)] 23625458K->2822594K(41874688K), 0.8067600 secs] [Times: user=5.71 sys=0.07, real=0.81 secs] 
--
48289.119: [GC
Desired survivor size 68812800 bytes, new threshold 1 (max 15)
 [PSYoungGen: 20851936K->5568K(20899072K)] 23653314K->2813282K(41870592K), 0.7988560 secs] [Times: user=5.61 sys=0.08, real=0.80 secs] 
--
49239.375: [GC
Desired survivor size 66912256 bytes, new threshold 1 (max 15)
 [PSYoungGen: 20836288K->7376K(20906176K)] 23644002K->2820178K(41877696K), 0.6757370 secs] [Times: user=4.77 sys=0.07, real=0.68 secs] 
--
49666.913: [GC
Desired survivor size 64684032 bytes, new threshold 1 (max 15)
 [PSYoungGen: 20846352K->7664K(20904320K)] 23659154K->2826754K(41875840K), 0.8094300 secs] [Times: user=5.75 sys=0.05, real=0.81 secs] 
--
51052.921: [GC
Desired survivor size 289734656 bytes, new threshold 1 (max 15)
 [PSYoungGen: 20846640K->63136K(20468800K)] 23665730K->3444426K(41440320K), 0.7948540 secs] [Times: user=5.78 sys=0.43, real=0.80 secs] 
--
51611.802: [GC
Desired survivor size 605814784 bytes, new threshold 1 (max 15)
 [PSYoungGen: 20468768K->282912K(20128704K)] 23850058K->4350760K(41100224K), 0.9699560 secs] [Times: user=7.21 sys=0.53, real=0.97 secs] 
--
52483.954: [GC
Desired survivor size 1266679808 bytes, new threshold 1 (max 15)
 [PSYoungGen: 20128672K->282944K(18780480K)] 24196520K->6095488K(39752000K), 1.8407720 secs] [Times: user=13.27 sys=1.44, real=1.84 secs] 
--
53018.971: [GC
Desired survivor size 1431961600 bytes, new threshold 1 (max 15)
 [PSYoungGen: 18780480K->1029667K(19527232K)] 24593024K->7126956K(40498752K), 1.2664760 secs] [Times: user=9.82 sys=0.28, real=1.27 secs] 
--
53561.411: [GC
Desired survivor size 1561198592 bytes, new threshold 1 (max 15)
 [PSYoungGen: 19527203K->1027284K(19320704K)] 25624492K->8152249K(40292224K), 1.8846410 secs] [Times: user=14.06 sys=0.98, real=1.89 secs] 
--
54397.638: [GC
Desired survivor size 1824718848 bytes, new threshold 1 (max 15)
 [PSYoungGen: 18949588K->1460136K(18919680K)] 26074553K->9618481K(39891200K), 2.2411650 secs] [Times: user=17.04 sys=0.86, real=2.24 secs] 
--
54805.699: [GC
Desired survivor size 1708195840 bytes, new threshold 1 (max 15)
 [PSYoungGen: 18919656K->543549K(19224256K)] 27078001K->10169894K(40195776K), 1.7499740 secs] [Times: user=12.81 sys=1.16, real=1.75 secs] 
--
55145.734: [GC
Desired survivor size 1621950464 bytes, new threshold 1 (max 15)
 [PSYoungGen: 18178749K->430522K(19303360K)] 27805094K->10593569K(40274880K), 0.9993660 secs] [Times: user=7.36 sys=0.44, real=1.00 secs] 
--
55645.757: [GC
Desired survivor size 1549467648 bytes, new threshold 1 (max 15)
 [PSYoungGen: 18065722K->647115K(19458368K)] 28228769K->11240418K(40429888K), 1.0251880 secs] [Times: user=7.76 sys=0.41, real=1.03 secs] 
--
56064.073: [GC
Desired survivor size 1527644160 bytes, new threshold 1 (max 15)
 [PSYoungGen: 18521547K->141832K(19387584K)] 29114850K->11380846K(40359104K), 0.9676090 secs] [Times: user=6.97 sys=0.48, real=0.97 secs] 
--
56189.936: [GC
Desired survivor size 1513291776 bytes, new threshold 1 (max 15)
 [PSYoungGen: 18016264K->43362K(19493696K)] 29255278K->11423293K(40465216K), 0.8123740 secs] [Times: user=5.70 sys=0.16, real=0.81 secs] 
--
56257.235: [GC
Desired survivor size 1488584704 bytes, new threshold 1 (max 15)
 [PSYoungGen: 18045218K->34176K(19479680K)] 29425149K->11433185K(40451200K), 0.8315970 secs] [Times: user=5.74 sys=0.13, real=0.83 secs] 
--
56305.201: [GC
Desired survivor size 1455620096 bytes, new threshold 1 (max 15)
 [PSYoungGen: 18036032K->25261K(19550016K)] 29435041K->11441679K(40521536K), 0.7600990 secs] [Times: user=5.38 sys=0.09, real=0.77 secs] 
--
56348.088: [GC
Desired survivor size 1414266880 bytes, new threshold 1 (max 15)
 [PSYoungGen: 18121581K->27007K(19517824K)] 29537999K->11459952K(40489344K), 0.8963260 secs] [Times: user=6.30 sys=0.09, real=0.90 secs] 
--
56388.709: [GC
Desired survivor size 1367867392 bytes, new threshold 1 (max 15)
 [PSYoungGen: 18123327K->21770K(19635712K)] 29556272K->11469117K(40607232K), 0.7755690 secs] [Times: user=5.37 sys=0.10, real=0.78 secs] 
--
56433.386: [GC
Desired survivor size 1313275904 bytes, new threshold 1 (max 15)
 [PSYoungGen: 18276362K->41946K(19590400K)] 29723709K->11505160K(40561920K), 0.9085590 secs] [Times: user=6.36 sys=0.09, real=0.91 secs] 
--
56484.679: [GC
Desired survivor size 1258946560 bytes, new threshold 1 (max 15)
 [PSYoungGen: 18296538K->26989K(19742080K)] 29759752K->11521990K(40713600K), 0.7599320 secs] [Times: user=5.26 sys=0.10, real=0.76 secs] 
--
56545.879: [GC
Desired survivor size 1199964160 bytes, new threshold 1 (max 15)
 [PSYoungGen: 18486573K->42405K(19689024K)] 29981574K->11551353K(40660544K), 0.8660310 secs] [Times: user=5.97 sys=0.10, real=0.86 secs] 
--
56602.973: [GC
Desired survivor size 1144127488 bytes, new threshold 1 (max 15)
 [PSYoungGen: 18501989K->22262K(19854208K)] 30010937K->11552307K(40825728K), 0.7967280 secs] [Times: user=5.73 sys=0.07, real=0.80 secs] 
--
56675.136: [GC
Desired survivor size 1087176704 bytes, new threshold 1 (max 15)
 [PSYoungGen: 18704630K->25122K(19799680K)] 30234675K->11562376K(40771200K), 0.9166870 secs] [Times: user=6.54 sys=0.08, real=0.92 secs] 
--
56720.660: [GC
Desired survivor size 1028259840 bytes, new threshold 1 (max 15)
 [PSYoungGen: 18707490K->37691K(19967360K)] 30244744K->11589010K(40938880K), 0.8187510 secs] [Times: user=5.80 sys=0.09, real=0.82 secs] 
--
56764.582: [GC
Desired survivor size 968753152 bytes, new threshold 1 (max 15)
 [PSYoungGen: 18943355K->48772K(19909824K)] 30494674K->11625931K(40881344K), 0.9417450 secs] [Times: user=6.66 sys=0.10, real=0.94 secs] 
--
56806.132: [GC
Desired survivor size 911015936 bytes, new threshold 1 (max 15)
 [PSYoungGen: 18954436K->50279K(20081856K)] 30531595K->11644155K(41053376K), 0.7804720 secs] [Times: user=5.40 sys=0.10, real=0.78 secs] 
--
56856.808: [GC
Desired survivor size 858324992 bytes, new threshold 1 (max 15)
 [PSYoungGen: 19186087K->35294K(20025472K)] 30779963K->11652661K(40996992K), 0.9393310 secs] [Times: user=6.60 sys=0.08, real=0.94 secs] 
--
56900.448: [GC
Desired survivor size 809172992 bytes, new threshold 1 (max 15)
 [PSYoungGen: 19171102K->24985K(20181312K)] 30788469K->11666816K(41152832K), 0.7913580 secs] [Times: user=5.62 sys=0.08, real=0.79 secs] 
--
56941.633: [GC
Desired survivor size 759955456 bytes, new threshold 1 (max 15)
 [PSYoungGen: 19368089K->34414K(20133312K)] 31009920K->11691994K(41104832K), 0.7439990 secs] [Times: user=5.19 sys=0.08, real=0.74 secs] 
--
56977.797: [GC
Desired survivor size 713555968 bytes, new threshold 1 (max 15)
 [PSYoungGen: 19377518K->29916K(20274688K)] 31035098K->11709954K(41246208K), 0.7883580 secs] [Times: user=5.43 sys=0.12, real=0.79 secs] 
--
57021.546: [GC
Desired survivor size 670760960 bytes, new threshold 1 (max 15)
 [PSYoungGen: 19562460K->20718K(20229376K)] 31242498K->11711843K(41200896K), 0.8894190 secs] [Times: user=6.08 sys=0.14, real=0.89 secs] 
--
57068.705: [GC
Desired survivor size 630718464 bytes, new threshold 1 (max 15)
 [PSYoungGen: 19553262K->14251K(20355584K)] 31244387K->11714558K(41327104K), 0.8876610 secs] [Times: user=6.17 sys=0.10, real=0.89 secs] 
--
57123.948: [GC
Desired survivor size 590938112 bytes, new threshold 1 (max 15)
 [PSYoungGen: 19714795K->21079K(20316480K)] 31415102K->11728155K(41288000K), 0.9023430 secs] [Times: user=5.92 sys=0.08, real=0.90 secs] 
--
57180.781: [GC
Desired survivor size 550567936 bytes, new threshold 1 (max 15)
 [PSYoungGen: 19721623K->35506K(20433856K)] 31428699K->11751332K(41405376K), 0.9255280 secs] [Times: user=6.43 sys=0.07, real=0.93 secs] 
--
57239.336: [GC
Desired survivor size 515506176 bytes, new threshold 1 (max 15)
 [PSYoungGen: 19892274K->19231K(20394432K)] 31608100K->11744487K(41365952K), 0.9336770 secs] [Times: user=6.57 sys=0.08, real=0.93 secs] 
--
57356.820: [GC
Desired survivor size 482082816 bytes, new threshold 1 (max 15)
 [PSYoungGen: 19875999K->19552K(20500736K)] 31601255K->11752409K(41472256K), 0.8857820 secs] [Times: user=6.11 sys=0.08, real=0.89 secs] 
--
57465.108: [GC
Desired survivor size 448397312 bytes, new threshold 1 (max 15)
 [PSYoungGen: 20016864K->31041K(20468096K)] 31749721K->11772641K(41439616K), 0.9125410 secs] [Times: user=6.36 sys=0.11, real=0.91 secs] 
--
57571.701: [GC
Desired survivor size 412745728 bytes, new threshold 1 (max 15)
 [PSYoungGen: 20028353K->55438K(20568448K)] 31769953K->11807090K(41539968K), 0.7784720 secs] [Times: user=4.79 sys=0.11, real=0.78 secs] 
--
57626.414: [GC
Desired survivor size 382599168 bytes, new threshold 1 (max 15)
 [PSYoungGen: 20185998K->41963K(20533632K)] 31937650K->11800347K(41505152K), 0.9272850 secs] [Times: user=6.15 sys=0.11, real=0.92 secs] 
--
57661.103: [GC
Desired survivor size 356057088 bytes, new threshold 1 (max 15)
 [PSYoungGen: 20172523K->34842K(20623808K)] 31930907K->11826589K(41595328K), 0.9202460 secs] [Times: user=5.71 sys=0.12, real=0.92 secs] 
--
57702.275: [GC
Desired survivor size 333512704 bytes, new threshold 1 (max 15)
 [PSYoungGen: 20285018K->22283K(20597888K)] 32076765K->11840878K(41569408K), 0.8360470 secs] [Times: user=5.82 sys=0.09, real=0.83 secs] 
--
57749.403: [GC
Desired survivor size 312999936 bytes, new threshold 1 (max 15)
 [PSYoungGen: 20272459K->17421K(20665856K)] 32091054K->11845826K(41637376K), 0.7968940 secs] [Times: user=5.60 sys=0.10, real=0.79 secs] 
--
57798.656: [GC
Desired survivor size 291962880 bytes, new threshold 1 (max 15)
 [PSYoungGen: 20357581K->26035K(20645824K)] 32185986K->11862851K(41617344K), 0.8098870 secs] [Times: user=5.73 sys=0.09, real=0.81 secs] 
--
57844.775: [GC
Desired survivor size 273481728 bytes, new threshold 1 (max 15)
 [PSYoungGen: 20366195K->18764K(20704448K)] 32203011K->11864649K(41675968K), 0.7955730 secs] [Times: user=5.61 sys=0.07, real=0.79 secs] 
--
57897.478: [GC
Desired survivor size 255721472 bytes, new threshold 1 (max 15)
 [PSYoungGen: 20438092K->20623K(20686400K)] 32283977K->11875092K(41657920K), 0.9598930 secs] [Times: user=6.71 sys=0.08, real=0.96 secs] 
--
57951.191: [GC
Desired survivor size 238026752 bytes, new threshold 1 (max 15)
 [PSYoungGen: 20439951K->25682K(20739072K)] 32294420K->11890648K(41710592K), 0.9316310 secs] [Times: user=6.40 sys=0.07, real=0.94 secs] 
--
57995.451: [GC
Desired survivor size 221773824 bytes, new threshold 1 (max 15)
 [PSYoungGen: 20515026K->24925K(20721792K)] 32379992K->11899897K(41693312K), 0.9487990 secs] [Times: user=6.53 sys=0.11, real=0.95 secs] 
--
58040.420: [GC
Desired survivor size 207683584 bytes, new threshold 1 (max 15)
 [PSYoungGen: 20514269K->18638K(20768704K)] 32389241K->11903251K(41740224K), 0.9100650 secs] [Times: user=6.20 sys=0.11, real=0.91 secs] 
--
58096.622: [GC
Desired survivor size 193527808 bytes, new threshold 1 (max 15)
 [PSYoungGen: 20570766K->23986K(20754944K)] 32455379K->11915815K(41726464K), 0.8084590 secs] [Times: user=5.69 sys=0.07, real=0.81 secs] 
--
58148.554: [GC
Desired survivor size 178061312 bytes, new threshold 1 (max 15)
 [PSYoungGen: 20576114K->37010K(20797632K)] 32467943K->11941219K(41769152K), 0.9349550 secs] [Times: user=6.48 sys=0.10, real=0.93 secs] 
--
58203.820: [GC
Desired survivor size 167182336 bytes, new threshold 1 (max 15)
 [PSYoungGen: 20645650K->19344K(20782528K)] 32549859K->11931987K(41754048K), 0.9452990 secs] [Times: user=6.55 sys=0.11, real=0.94 secs] 
--
58260.521: [GC
Desired survivor size 155451392 bytes, new threshold 1 (max 15)
 [PSYoungGen: 20627984K->27752K(20819712K)] 32540627K->11947716K(41791232K), 0.9333560 secs] [Times: user=6.36 sys=0.10, real=0.93 secs] 
--
58302.436: [GC
Desired survivor size 151453696 bytes, new threshold 1 (max 15)
 [PSYoungGen: 20684200K->55800K(20808256K)] 32604164K->11985691K(41779776K), 0.8251280 secs] [Times: user=5.66 sys=0.09, real=0.82 secs] 
--
58345.289: [GC
Desired survivor size 146669568 bytes, new threshold 1 (max 15)
 [PSYoungGen: 20712248K->54234K(20828288K)] 32642139K->12026657K(41799808K), 0.7969080 secs] [Times: user=5.40 sys=0.11, real=0.80 secs] 
--
58396.404: [GC
Desired survivor size 139198464 bytes, new threshold 1 (max 15)
 [PSYoungGen: 20734618K->19912K(20823616K)] 32707041K->12031539K(41795136K), 0.9411820 secs] [Times: user=6.41 sys=0.10, real=0.94 secs] 
--
58463.546: [GC
Desired survivor size 131530752 bytes, new threshold 1 (max 15)
 [PSYoungGen: 20700296K->22489K(20843072K)] 32711923K->12041879K(41814592K), 0.9234720 secs] [Times: user=6.39 sys=0.12, real=0.93 secs] 
--
58537.744: [GC
Desired survivor size 125435904 bytes, new threshold 1 (max 15)
 [PSYoungGen: 20729625K->15690K(20835584K)] 32749015K->12043894K(41807104K), 0.8084350 secs] [Times: user=5.65 sys=0.10, real=0.81 secs] 
--
58603.262: [GC
Desired survivor size 117768192 bytes, new threshold 1 (max 15)
 [PSYoungGen: 20722826K->24799K(20856512K)] 32751030K->12059572K(41828032K), 0.9416530 secs] [Times: user=6.48 sys=0.07, real=0.94 secs] 
--
58672.293: [GC
Desired survivor size 109969408 bytes, new threshold 1 (max 15)
 [PSYoungGen: 20758815K->28741K(20849024K)] 32793588K->12075707K(41820544K), 0.8967830 secs] [Times: user=6.10 sys=0.12, real=0.89 secs] 
--
58746.594: [GC
Desired survivor size 112263168 bytes, new threshold 1 (max 15)
 [PSYoungGen: 20762757K->58509K(20859648K)] 32809723K->12111611K(41831168K), 0.9287480 secs] [Times: user=6.44 sys=0.09, real=0.93 secs] 
--
58814.237: [GC
Desired survivor size 106758144 bytes, new threshold 1 (max 15)
 [PSYoungGen: 20810765K->22338K(20861888K)] 32863867K->12082327K(41833408K), 0.7842640 secs] [Times: user=5.36 sys=0.10, real=0.78 secs] 
--
58889.159: [GC
Desired survivor size 100270080 bytes, new threshold 1 (max 15)
 [PSYoungGen: 20774594K->29247K(20873600K)] 32834583K->12093622K(41845120K), 0.8255190 secs] [Times: user=5.76 sys=0.07, real=0.83 secs] 
--
58980.427: [GC
Desired survivor size 93913088 bytes, new threshold 1 (max 15)
 [PSYoungGen: 20798591K->33779K(20867264K)] 32862966K->12103105K(41838784K), 0.9704410 secs] [Times: user=6.75 sys=0.09, real=0.97 secs] 
--
59112.919: [GC
Desired survivor size 88080384 bytes, new threshold 1 (max 15)
 [PSYoungGen: 20803123K->32293K(20885504K)] 32872449K->12107823K(41857024K), 0.8267190 secs] [Times: user=5.86 sys=0.08, real=0.82 secs] 
--
59229.765: [GC
Desired survivor size 86048768 bytes, new threshold 1 (max 15)
 [PSYoungGen: 20826085K->13400K(20879808K)] 32901615K->12098556K(41851328K), 0.9696820 secs] [Times: user=6.86 sys=0.11, real=0.97 secs] 
--
59548.469: [GC
Desired survivor size 82640896 bytes, new threshold 1 (max 15)
 [PSYoungGen: 20807192K->19456K(20890816K)] 32892348K->12109984K(41862336K), 0.9716010 secs] [Times: user=6.91 sys=0.10, real=0.97 secs] 
--
59793.153: [GC
Desired survivor size 88866816 bytes, new threshold 1 (max 15)
 [PSYoungGen: 20826240K->60080K(20866880K)] 32916768K->12159355K(41838400K), 1.0007940 secs] [Times: user=7.24 sys=0.08, real=1.00 secs] 
--
59883.924: [GC
Desired survivor size 86376448 bytes, new threshold 1 (max 15)
 [PSYoungGen: 20866864K->40910K(20887168K)] 32966139K->12153390K(41858688K), 1.0052680 secs] [Times: user=7.18 sys=0.12, real=1.01 secs] 
--
59968.400: [GC
Desired survivor size 81657856 bytes, new threshold 1 (max 15)
 [PSYoungGen: 20841294K->34890K(20884736K)] 32953774K->12168501K(41856256K), 0.9823390 secs] [Times: user=6.88 sys=0.11, real=0.98 secs] 
--
60071.066: [GC
Desired survivor size 100532224 bytes, new threshold 1 (max 15)
 [PSYoungGen: 20835274K->79716K(20854912K)] 32968885K->12229655K(41826432K), 0.9401030 secs] [Times: user=6.50 sys=0.08, real=0.94 secs] 
--
60176.581: [GC
Desired survivor size 97976320 bytes, new threshold 1 (max 15)
 [PSYoungGen: 20854884K->20539K(20873344K)] 33004823K->12233042K(41844864K), 1.0156330 secs] [Times: user=7.16 sys=0.12, real=1.01 secs] 
--
60290.338: [GC
Desired survivor size 96141312 bytes, new threshold 1 (max 15)
 [PSYoungGen: 20795707K->14896K(20877632K)] 33008210K->12236259K(41849152K), 0.8239200 secs] [Times: user=5.70 sys=0.10, real=0.82 secs] 
--
60485.051: [GC
Desired survivor size 92667904 bytes, new threshold 1 (max 15)
 [PSYoungGen: 20796848K->21495K(20875840K)] 33018211K->12248762K(41847360K), 0.8830060 secs] [Times: user=6.23 sys=0.08, real=0.88 secs] 
--
60606.541: [GC
Desired survivor size 88408064 bytes, new threshold 1 (max 15)
 [PSYoungGen: 20803447K->25828K(20885184K)] 33030714K->12256058K(41856704K), 0.8340100 secs] [Times: user=5.29 sys=0.14, real=0.83 secs] 
--
60754.231: [GC
Desired survivor size 83296256 bytes, new threshold 1 (max 15)
 [PSYoungGen: 20820516K->31856K(20881024K)] 33050746K->12267534K(41852544K), 0.8559650 secs] [Times: user=6.05 sys=0.08, real=0.85 secs] 
--
60938.973: [GC
Desired survivor size 88342528 bytes, new threshold 1 (max 15)
 [PSYoungGen: 20826544K->59663K(20880320K)] 33062222K->12312230K(41851840K), 0.8743070 secs] [Times: user=6.25 sys=0.09, real=0.88 secs] 
--
61098.105: [GC
Desired survivor size 86310912 bytes, new threshold 1 (max 15)
 [PSYoungGen: 20858639K->18240K(20885248K)] 33111206K->12281725K(41856768K), 1.0289150 secs] [Times: user=7.20 sys=0.11, real=1.03 secs] 
--
61327.367: [GC
Desired survivor size 81264640 bytes, new threshold 1 (max 15)
 [PSYoungGen: 20817216K->33673K(20892160K)] 33080701K->12307093K(41863680K), 1.0123050 secs] [Times: user=7.13 sys=0.16, real=1.01 secs] 
--
61522.139: [GC
Desired survivor size 77463552 bytes, new threshold 1 (max 15)
 [PSYoungGen: 20841545K->29307K(20887232K)] 33114965K->12310892K(41858752K), 1.0072720 secs] [Times: user=7.20 sys=0.10, real=1.01 secs] 
--
61745.405: [GC
Desired survivor size 75366400 bytes, new threshold 1 (max 15)
 [PSYoungGen: 20837179K->20976K(20897920K)] 33118764K->12308487K(41869440K), 0.9992620 secs] [Times: user=7.09 sys=0.11, real=1.00 secs] 
--
61882.927: [GC
Desired survivor size 101318656 bytes, new threshold 1 (max 15)
 [PSYoungGen: 20828605K->73592K(20895872K)] 33116116K->12399538K(41867392K), 0.9793790 secs] [Times: user=6.80 sys=0.18, real=0.98 secs] 
--
62014.677: [GC
Desired survivor size 161808384 bytes, new threshold 1 (max 15)
 [PSYoungGen: 20894367K->75643K(20731136K)] 33220313K->12541722K(41702656K), 1.0622610 secs] [Times: user=7.30 sys=0.30, real=1.07 secs] 
--
62035.613: [GC
Desired survivor size 151715840 bytes, new threshold 1 (max 15)
 [PSYoungGen: 20705241K->57092K(20813504K)] 33171320K->12574681K(41785024K), 0.8658810 secs] [Times: user=5.86 sys=0.13, real=0.86 secs] 
--
62075.537: [GC
Desired survivor size 148176896 bytes, new threshold 1 (max 15)
 [PSYoungGen: 20712580K->72858K(20826816K)] 33230169K->12591311K(41798336K), 0.9133190 secs] [Times: user=5.79 sys=0.11, real=0.92 secs] 
--
62126.224: [GC
Desired survivor size 169541632 bytes, new threshold 1 (max 15)
 [PSYoungGen: 20751514K->138789K(20817472K)] 33269967K->12713831K(41788992K), 1.0139440 secs] [Times: user=6.90 sys=0.11, real=1.02 secs] 
--
62287.988: [GC
Desired survivor size 166920192 bytes, new threshold 1 (max 15)
 [PSYoungGen: 20817445K->24624K(20799552K)] 33392487K->12604526K(41771072K), 1.0280050 secs] [Times: user=7.31 sys=0.10, real=1.03 secs] 
--
62523.844: [GC
Desired survivor size 162463744 bytes, new threshold 1 (max 15)
 [PSYoungGen: 20670128K->29792K(20808512K)] 33250030K->12620614K(41780032K), 0.8317820 secs] [Times: user=5.83 sys=0.11, real=0.83 secs] 
--
62697.211: [GC
Desired survivor size 171704320 bytes, new threshold 1 (max 15)
 [PSYoungGen: 20672692K->110841K(20794816K)] 33263514K->12708585K(41766336K), 1.0439970 secs] [Times: user=7.43 sys=0.09, real=1.05 secs] 
--
62863.521: [GC
Desired survivor size 168034304 bytes, new threshold 1 (max 15)
 [PSYoungGen: 20747001K->25440K(20803840K)] 33344745K->12633502K(41775360K), 0.8855620 secs] [Times: user=6.30 sys=0.10, real=0.88 secs] 
--
62969.149: [GC
Desired survivor size 177537024 bytes, new threshold 1 (max 15)
 [PSYoungGen: 20645356K->113916K(20788864K)] 33253418K->12744219K(41760384K), 0.8827560 secs] [Times: user=6.14 sys=0.13, real=0.88 secs] 
--
63040.425: [GC
Desired survivor size 175636480 bytes, new threshold 1 (max 15)
 [PSYoungGen: 20738684K->14260K(20798144K)] 33368987K->12653153K(41769664K), 1.0432980 secs] [Times: user=7.38 sys=0.10, real=1.04 secs] 
--
63167.541: [GC
Desired survivor size 170262528 bytes, new threshold 1 (max 15)
 [PSYoungGen: 20639028K->26689K(20805248K)] 33277921K->12675025K(41776768K), 1.0030330 secs] [Times: user=6.98 sys=0.12, real=1.01 secs] 
--
63359.445: [GC
Desired survivor size 164167680 bytes, new threshold 1 (max 15)
 [PSYoungGen: 20660417K->28479K(20800000K)] 33308753K->12692908K(41771520K), 0.8949960 secs] [Times: user=6.39 sys=0.09, real=0.89 secs] 
--
63448.917: [GC
Desired survivor size 217513984 bytes, new threshold 1 (max 15)
 [PSYoungGen: 20651386K->160315K(20707008K)] 33315814K->12888385K(41678528K), 0.9056000 secs] [Times: user=6.27 sys=0.18, real=0.91 secs] 
--
63468.042: [GC
Desired survivor size 203358208 bytes, new threshold 1 (max 15)
 [PSYoungGen: 20703266K->69965K(20759104K)] 33431336K->12935606K(41730624K), 0.8715160 secs] [Times: user=5.68 sys=0.28, real=0.87 secs] 
--
63488.216: [GC
Desired survivor size 225968128 bytes, new threshold 1 (max 15)
 [PSYoungGen: 20612832K->165342K(20728768K)] 33478473K->13107987K(41700288K), 1.0262480 secs] [Times: user=6.92 sys=0.17, real=1.02 secs] 
--
63507.044: [GC
Desired survivor size 249823232 bytes, new threshold 1 (max 15)
 [PSYoungGen: 20685572K->181587K(20711808K)] 33628216K->13226891K(41683328K), 1.0110980 secs] [Times: user=6.68 sys=0.25, real=1.01 secs] 
--
63526.310: [GC
Desired survivor size 241631232 bytes, new threshold 1 (max 15)
 [PSYoungGen: 20705888K->110583K(20735552K)] 33751192K->13238139K(41707072K), 0.9754030 secs] [Times: user=6.36 sys=0.29, real=0.97 secs] 
--
63545.014: [GC
Desired survivor size 239534080 bytes, new threshold 1 (max 15)
 [PSYoungGen: 20583998K->126043K(20727552K)] 33711554K->13254711K(41699072K), 0.8857910 secs] [Times: user=6.02 sys=0.07, real=0.88 secs] 
--
63569.338: [GC
Desired survivor size 233439232 bytes, new threshold 1 (max 15)
 [PSYoungGen: 20617627K->50040K(20743552K)] 33746295K->13270378K(41715072K), 1.0471980 secs] [Times: user=7.13 sys=0.13, real=1.05 secs] 
--
63724.319: [GC
Desired survivor size 233308160 bytes, new threshold 1 (max 15)
 [PSYoungGen: 20559672K->12233K(20737600K)] 33780010K->13279344K(41709120K), 0.9292100 secs] [Times: user=6.48 sys=0.09, real=0.93 secs] 
--
64301.555: [GC
Desired survivor size 231079936 bytes, new threshold 1 (max 15)
 [PSYoungGen: 20521865K->11760K(20745856K)] 33788976K->13288505K(41717376K), 1.0483970 secs] [Times: user=7.56 sys=0.08, real=1.05 secs] 
--
65050.092: [GC
Desired survivor size 227803136 bytes, new threshold 1 (max 15)
 [PSYoungGen: 20529776K->7265K(20743680K)] 33806521K->13292174K(41715200K), 1.0460210 secs] [Times: user=7.60 sys=0.12, real=1.04 secs] 
--
67086.358: [GC
Desired survivor size 222494720 bytes, new threshold 1 (max 15)
 [PSYoungGen: 20525281K->10069K(20754240K)] 33810190K->13301331K(41725760K), 0.9301060 secs] [Times: user=6.80 sys=0.11, real=0.93 secs] 
--
68593.144: [GC
Desired survivor size 216268800 bytes, new threshold 1 (max 15)
 [PSYoungGen: 20541845K->9152K(20749056K)] 33833107K->13308668K(41720576K), 1.0464840 secs] [Times: user=7.64 sys=0.08, real=1.05 secs] 
--
68940.289: [GC
Desired survivor size 208601088 bytes, new threshold 1 (max 15)
 [PSYoungGen: 20540928K->11968K(20767808K)] 33840444K->13317601K(41739328K), 0.9065820 secs] [Times: user=6.69 sys=0.11, real=0.91 secs] 
--
69263.788: [GC
Desired survivor size 198901760 bytes, new threshold 1 (max 15)
 [PSYoungGen: 20568576K->20915K(20760320K)] 33874209K->13334221K(41731840K), 1.0781720 secs] [Times: user=7.79 sys=0.12, real=1.08 secs] 
--
69609.454: [GC
Desired survivor size 189661184 bytes, new threshold 1 (max 15)
 [PSYoungGen: 20577523K->18688K(20786304K)] 33890829K->13344326K(41757824K), 1.0829250 secs] [Times: user=7.83 sys=0.10, real=1.08 secs] 
--
70057.842: [GC
Desired survivor size 181338112 bytes, new threshold 1 (max 15)
 [PSYoungGen: 20610752K->13664K(20777280K)] 33936390K->13349434K(41748800K), 0.9188310 secs] [Times: user=6.66 sys=0.12, real=0.91 secs] 
--
70512.386: [GC
Desired survivor size 173080576 bytes, new threshold 1 (max 15)
 [PSYoungGen: 20605728K->13008K(20802496K)] 33941498K->13355146K(41774016K), 1.0781130 secs] [Times: user=7.83 sys=0.09, real=1.08 secs] 
--
70868.981: [GC
Desired survivor size 163512320 bytes, new threshold 1 (max 15)
 [PSYoungGen: 20638416K->20079K(20794432K)] 33980554K->13369986K(41765952K), 0.9588720 secs] [Times: user=6.91 sys=0.13, real=0.96 secs] 
--
71321.557: [GC
Desired survivor size 155713536 bytes, new threshold 1 (max 15)
 [PSYoungGen: 20645487K->12338K(20819456K)] 33995394K->13368069K(41790976K), 0.9225620 secs] [Times: user=6.68 sys=0.11, real=0.92 secs] 
--
71694.978: [GC
Desired survivor size 148176896 bytes, new threshold 1 (max 15)
 [PSYoungGen: 20672114K->10708K(20811840K)] 34027845K->13373782K(41783360K), 0.9020790 secs] [Times: user=6.31 sys=0.11, real=0.90 secs] 
--
71920.222: [GC
Desired survivor size 202506240 bytes, new threshold 1 (max 15)
 [PSYoungGen: 20670484K->144689K(20720704K)] 34033558K->13569884K(41692224K), 0.9906020 secs] [Times: user=7.16 sys=0.12, real=0.99 secs] 
--
72030.733: [GC
Desired survivor size 191496192 bytes, new threshold 1 (max 15)
 [PSYoungGen: 20720689K->61527K(20773760K)] 34145884K->13499703K(41745280K), 1.0147300 secs] [Times: user=7.20 sys=0.11, real=1.01 secs] 
--
72111.703: [GC
Desired survivor size 195166208 bytes, new threshold 1 (max 15)
 [PSYoungGen: 20637527K->98051K(20777344K)] 34075703K->13585807K(41748864K), 1.1708360 secs] [Times: user=8.30 sys=0.12, real=1.18 secs] 
--
72185.119: [GC
Desired survivor size 190316544 bytes, new threshold 1 (max 15)
 [PSYoungGen: 20688387K->79926K(20780928K)] 34176143K->13646195K(41752448K), 0.9336840 secs] [Times: user=6.50 sys=0.16, real=0.93 secs] 
--
72265.149: [GC
Desired survivor size 179175424 bytes, new threshold 1 (max 15)
 [PSYoungGen: 20670262K->63705K(20796544K)] 34236531K->13694156K(41768064K), 1.1231630 secs] [Times: user=7.76 sys=0.17, real=1.12 secs] 
--
72377.769: [GC
Desired survivor size 171900928 bytes, new threshold 1 (max 15)
 [PSYoungGen: 20674393K->32870K(20785664K)] 34304844K->13674582K(41757184K), 1.0113450 secs] [Times: user=7.12 sys=0.15, real=1.01 secs] 
--
72473.389: [GC
Desired survivor size 167247872 bytes, new threshold 1 (max 15)
 [PSYoungGen: 20643558K->18304K(20808192K)] 34285270K->13671866K(41779712K), 1.0098090 secs] [Times: user=7.19 sys=0.08, real=1.01 secs] 
--
72652.532: [GC
Desired survivor size 164626432 bytes, new threshold 1 (max 15)
 [PSYoungGen: 20658624K->75848K(20803648K)] 34312186K->13739334K(41775168K), 0.9300740 secs] [Times: user=6.57 sys=0.11, real=0.93 secs] 
--
72835.783: [GC
Desired survivor size 158138368 bytes, new threshold 1 (max 15)
 [PSYoungGen: 20716168K->30172K(20817088K)] 34379654K->13703343K(41788608K), 1.1425070 secs] [Times: user=8.06 sys=0.10, real=1.15 secs] 
--
73017.994: [GC
Desired survivor size 155975680 bytes, new threshold 1 (max 15)
 [PSYoungGen: 20686492K->74368K(20810752K)] 34359663K->13758946K(41782272K), 1.1898630 secs] [Times: user=8.41 sys=0.14, real=1.19 secs] 
--
73249.062: [GC
Desired survivor size 153092096 bytes, new threshold 1 (max 15)
 [PSYoungGen: 20730688K->14181K(20822016K)] 34415266K->13710791K(41793536K), 0.9922680 secs] [Times: user=7.07 sys=0.13, real=0.99 secs] 
--
73493.364: [GC
Desired survivor size 148439040 bytes, new threshold 1 (max 15)
 [PSYoungGen: 20683877K->19331K(20819200K)] 34380487K->13725853K(41790720K), 1.0291620 secs] [Times: user=7.29 sys=0.12, real=1.02 secs] 
--
73635.293: [GC
Desired survivor size 144441344 bytes, new threshold 1 (max 15)
 [PSYoungGen: 20689027K->13360K(20830464K)] 34395549K->13730608K(41801984K), 0.9923790 secs] [Times: user=7.11 sys=0.12, real=1.00 secs] 
--
73783.499: [GC
Desired survivor size 137166848 bytes, new threshold 1 (max 15)
 [PSYoungGen: 20698864K->29011K(20826560K)] 34416112K->13754036K(41798080K), 1.2000850 secs] [Times: user=8.51 sys=0.14, real=1.20 secs] 
--
73893.361: [GC
Desired survivor size 127860736 bytes, new threshold 1 (max 15)
 [PSYoungGen: 20714515K->42276K(20846656K)] 34439540K->13785947K(41818176K), 1.0273410 secs] [Times: user=7.36 sys=0.13, real=1.03 secs] 
--
73972.334: [GC
Desired survivor size 123863040 bytes, new threshold 1 (max 15)
 [PSYoungGen: 20754980K->17482K(20837568K)] 34498651K->13795746K(41809088K), 1.0207690 secs] [Times: user=7.24 sys=0.15, real=1.02 secs] 
--
74068.198: [GC
Desired survivor size 118095872 bytes, new threshold 1 (max 15)
 [PSYoungGen: 20730186K->25395K(20856192K)] 34508450K->13817900K(41827712K), 1.1735050 secs] [Times: user=8.15 sys=0.14, real=1.18 secs] 
--
74185.507: [GC
Desired survivor size 114163712 bytes, new threshold 1 (max 15)
 [PSYoungGen: 20760627K->16348K(20850560K)] 34553132K->13822327K(41822080K), 1.2032470 secs] [Times: user=8.48 sys=0.12, real=1.21 secs] 
--
74277.907: [GC
Desired survivor size 140640256 bytes, new threshold 1 (max 15)
 [PSYoungGen: 20751580K->111487K(20808320K)] 34557559K->13932634K(41779840K), 1.2499660 secs] [Times: user=8.84 sys=0.12, real=1.25 secs] 
--
74359.798: [GC
Desired survivor size 135659520 bytes, new threshold 1 (max 15)
 [PSYoungGen: 20808319K->20310K(20834176K)] 34629466K->13904897K(41805696K), 1.1689670 secs] [Times: user=8.11 sys=0.12, real=1.17 secs] 
--
74589.754: [GC
Desired survivor size 131072000 bytes, new threshold 1 (max 15)
 [PSYoungGen: 20717142K->16582K(20843520K)] 34601729K->13912649K(41815040K), 1.0362920 secs] [Times: user=7.49 sys=0.09, real=1.03 secs] 
--
74714.928: [GC
Desired survivor size 122224640 bytes, new threshold 1 (max 15)
 [PSYoungGen: 20727622K->40627K(20839040K)] 34623689K->13948997K(41810560K), 1.0423460 secs] [Times: user=7.44 sys=0.12, real=1.05 secs] 
--
74806.859: [GC
Desired survivor size 120979456 bytes, new threshold 1 (max 15)
 [PSYoungGen: 20751667K->58512K(20853376K)] 34660037K->13995527K(41824896K), 1.0509170 secs] [Times: user=7.46 sys=0.13, real=1.05 secs] 
--
74917.300: [GC
Desired survivor size 116588544 bytes, new threshold 1 (max 15)
 [PSYoungGen: 20792528K->22981K(20852160K)] 34729543K->13972823K(41823680K), 1.0494610 secs] [Times: user=7.47 sys=0.13, real=1.04 secs] 
--
74994.456: [GC
Desired survivor size 112787456 bytes, new threshold 1 (max 15)
 [PSYoungGen: 20756997K->18674K(20861376K)] 34706839K->13987869K(41832896K), 1.0437890 secs] [Times: user=7.38 sys=0.14, real=1.04 secs] 
--
75067.141: [GC
Desired survivor size 106889216 bytes, new threshold 1 (max 15)
 [PSYoungGen: 20766194K->29600K(20857664K)] 34735389K->14014610K(41829184K), 1.0532610 secs] [Times: user=7.42 sys=0.13, real=1.06 secs] 
--
75196.700: [GC
Desired survivor size 106168320 bytes, new threshold 1 (max 15)
 [PSYoungGen: 20777120K->53539K(20867840K)] 34762130K->14050461K(41839360K), 1.0493640 secs] [Times: user=7.25 sys=0.16, real=1.05 secs] 
